2025-01-14 20:36:39 WARN  ResponseProcessCookies:130 - Invalid cookie header: "Set-Cookie: ADC_REQ_2E94AF76E7=465A4666FBE5837849C212A2C2FAD21201D70D19C9A3E10108585B0709772A6B803B0ED7433FEC54; expires=Tue, 14 Jan 2025 18:36:39 GMT; Path=/; domain=onliner.by". Invalid 'expires' attribute: Tue, 14 Jan 2025 18:36:39 GMT
2025-01-14 20:38:17 WARN  ResponseProcessCookies:130 - Invalid cookie header: "Set-Cookie: ADC_REQ_2E94AF76E7=91968B40C768BAD6C37F1E7A150779F3E40B6DF2DB0D8190B20184131855646BA7355BA68BCF108B; expires=Tue, 14 Jan 2025 18:38:17 GMT; Path=/; domain=onliner.by". Invalid 'expires' attribute: Tue, 14 Jan 2025 18:38:17 GMT
2025-01-14 20:38:23 INFO  Bot:57 - Бот создан!
2025-01-14 20:41:18 INFO  Bot:57 - Бот создан!
2025-01-14 20:41:43 INFO  Bot:57 - Бот создан!
2025-01-14 20:42:11 INFO  Bot:57 - Бот создан!
2025-01-14 20:44:15 INFO  Bot:57 - Бот создан!
2025-01-14 20:44:32 WARN  ResponseProcessCookies:130 - Invalid cookie header: "Set-Cookie: ADC_REQ_2E94AF76E7=79AEF6BC61BF9A780D4BB50C11AE103C5ED688F4E49ED185A2128539C0E38109E8DF7F67C3327251; expires=Tue, 14 Jan 2025 18:44:32 GMT; Path=/; domain=onliner.by". Invalid 'expires' attribute: Tue, 14 Jan 2025 18:44:32 GMT
2025-02-04 21:12:33 INFO  Bot:56 - Бот создан!
2025-02-04 21:38:23 INFO  Bot:56 - Бот создан!
2025-02-04 21:38:36 WARN  ResponseProcessCookies:130 - Invalid cookie header: "Set-Cookie: ADC_REQ_2E94AF76E7=B272DD19D005E2CC56014E7E3BE7C21ED91C7BCB718BA2FC30BA14A425604CF47E375129FCD20650; expires=Tue, 04 Feb 2025 19:38:36 GMT; Path=/; domain=onliner.by". Invalid 'expires' attribute: Tue, 04 Feb 2025 19:38:36 GMT
2025-02-04 21:39:36 WARN  ResponseProcessCookies:130 - Invalid cookie header: "Set-Cookie: ADC_REQ_2E94AF76E7=7275FFD35E13E3CC8A112F5E6FB6339ED246384A96165EBDC7971C5D44DD49D3908B74C54658D6EB; expires=Tue, 04 Feb 2025 19:39:36 GMT; Path=/; domain=onliner.by". Invalid 'expires' attribute: Tue, 04 Feb 2025 19:39:36 GMT
2025-02-04 21:40:36 WARN  ResponseProcessCookies:130 - Invalid cookie header: "Set-Cookie: ADC_REQ_2E94AF76E7=BE282E9DB079E0CC2F9C0F88A376AC4E537CC19812648B06113D0C05BBD4AD6ECDDD9B3F66A1A43C; expires=Tue, 04 Feb 2025 19:40:36 GMT; Path=/; domain=onliner.by". Invalid 'expires' attribute: Tue, 04 Feb 2025 19:40:36 GMT
2025-02-04 21:41:37 WARN  ResponseProcessCookies:130 - Invalid cookie header: "Set-Cookie: ADC_REQ_2E94AF76E7=AD3713D0874AE1CC25B4F149817DBC25BDD65887002B1AAAB6CC40913C47DC7F0BFE4AB4075B61D9; expires=Tue, 04 Feb 2025 19:41:37 GMT; Path=/; domain=onliner.by". Invalid 'expires' attribute: Tue, 04 Feb 2025 19:41:37 GMT
2025-02-04 21:43:04 WARN  ResponseProcessCookies:130 - Invalid cookie header: "Set-Cookie: ADC_REQ_2E94AF76E7=074794C31D8FDA62D14662B1DC5AA1D51BBDDBEABAEC76F40BA04BE19DE1500ABEC2EC41A546E2D2; expires=Tue, 04 Feb 2025 19:43:04 GMT; Path=/; domain=onliner.by". Invalid 'expires' attribute: Tue, 04 Feb 2025 19:43:04 GMT
2025-02-04 21:46:20 WARN  ResponseProcessCookies:130 - Invalid cookie header: "Set-Cookie: ADC_REQ_2E94AF76E7=544CF0304D8DD96239F5B91C928F082E61205F7B607439AFC7B4D37CE61D580667545E3D14AC297A; expires=Tue, 04 Feb 2025 19:46:20 GMT; Path=/; domain=onliner.by". Invalid 'expires' attribute: Tue, 04 Feb 2025 19:46:20 GMT
2025-02-04 21:46:22 WARN  ResponseProcessCookies:130 - Invalid cookie header: "Set-Cookie: ADC_REQ_2E94AF76E7=276E77106485D9621280E342A53025C1A19AF1B1C56DBA68EEC50BE6162B2B903830F4A6D3C2E9E9; expires=Tue, 04 Feb 2025 19:46:22 GMT; Path=/; domain=onliner.by". Invalid 'expires' attribute: Tue, 04 Feb 2025 19:46:22 GMT
2025-02-04 21:46:23 WARN  ResponseProcessCookies:130 - Invalid cookie header: "Set-Cookie: ADC_REQ_2E94AF76E7=4DA763BEBCF8D962FE9B265F3E5444E091FCF35649DFCFF3651A2D81CF05630389B75D5FE4C5F308; expires=Tue, 04 Feb 2025 19:46:23 GMT; Path=/; domain=onliner.by". Invalid 'expires' attribute: Tue, 04 Feb 2025 19:46:23 GMT
2025-02-04 21:46:36 WARN  ResponseProcessCookies:130 - Invalid cookie header: "Set-Cookie: ADC_REQ_2E94AF76E7=D145AAA723CAD9622262C33FFD487B24182786F86BDA54696D84865D47CA1A27D7283A524B9438DD; expires=Tue, 04 Feb 2025 19:46:36 GMT; Path=/; domain=onliner.by". Invalid 'expires' attribute: Tue, 04 Feb 2025 19:46:36 GMT
2025-02-04 21:47:36 WARN  ResponseProcessCookies:130 - Invalid cookie header: "Set-Cookie: ADC_REQ_2E94AF76E7=D1F4974C20C6FBCCE62272A9DE20B5BD05B74C9D097BA0C6E66ECAF03054681620414B13B648B076; expires=Tue, 04 Feb 2025 19:47:36 GMT; Path=/; domain=onliner.by". Invalid 'expires' attribute: Tue, 04 Feb 2025 19:47:36 GMT
2025-02-04 21:48:36 WARN  ResponseProcessCookies:130 - Invalid cookie header: "Set-Cookie: ADC_REQ_2E94AF76E7=2CE2B37C3AFFC76240E1101553E78E4327DD331494049234CEC9F0EF99AC39B6EFFAA7A9D75B81E5; expires=Tue, 04 Feb 2025 19:48:36 GMT; Path=/; domain=onliner.by". Invalid 'expires' attribute: Tue, 04 Feb 2025 19:48:36 GMT
2025-02-04 21:49:46 WARN  ResponseProcessCookies:130 - Invalid cookie header: "Set-Cookie: ADC_REQ_2E94AF76E7=2F182E427CE0C462C694F9881C7930056D0E370E341C7FA7AB3F1763DE3569137A8AF6C32129F6A9; expires=Tue, 04 Feb 2025 19:49:46 GMT; Path=/; domain=onliner.by". Invalid 'expires' attribute: Tue, 04 Feb 2025 19:49:46 GMT
2025-02-04 21:50:26 INFO  Bot:56 - Бот создан!
2025-02-04 21:50:34 WARN  ResponseProcessCookies:130 - Invalid cookie header: "Set-Cookie: ADC_REQ_2E94AF76E7=E60EB9107FADC562A073542DB9E943DA20A1201B4F5B3EC179FCE81165949651D329738F4CED7C72; expires=Tue, 04 Feb 2025 19:50:34 GMT; Path=/; domain=onliner.by". Invalid 'expires' attribute: Tue, 04 Feb 2025 19:50:34 GMT
2025-02-04 21:51:38 WARN  ResponseProcessCookies:130 - Invalid cookie header: "Set-Cookie: ADC_REQ_2E94AF76E7=3DB1CBB332B4C262940E6AC91DDC21F2DF9D7CF5C6F6D45CA6350ED1B8213A43A8639DE651FD4C2D; expires=Tue, 04 Feb 2025 19:51:38 GMT; Path=/; domain=onliner.by". Invalid 'expires' attribute: Tue, 04 Feb 2025 19:51:38 GMT
2025-02-04 21:52:36 WARN  ResponseProcessCookies:130 - Invalid cookie header: "Set-Cookie: ADC_REQ_2E94AF76E7=CEF7B5FF117AFFCC07EA19EE71DB89CBB7D725E447EDC4D5664617D78E56E20E6256A3C1FBB26F3F; expires=Tue, 04 Feb 2025 19:52:36 GMT; Path=/; domain=onliner.by". Invalid 'expires' attribute: Tue, 04 Feb 2025 19:52:36 GMT
2025-02-04 21:54:21 WARN  ResponseProcessCookies:130 - Invalid cookie header: "Set-Cookie: ADC_REQ_2E94AF76E7=B4206CB8D191FDCC1BAC8196C5C757AA59A5D2B425AE6EFB0352A89061B4D5C36473A51519F115A9; expires=Tue, 04 Feb 2025 19:54:21 GMT; Path=/; domain=onliner.by". Invalid 'expires' attribute: Tue, 04 Feb 2025 19:54:21 GMT
2025-02-04 21:54:33 WARN  ResponseProcessCookies:130 - Invalid cookie header: "Set-Cookie: ADC_REQ_2E94AF76E7=F5198CD347A0FDCC14340427F1D938EBC16CDD6D64C9F7E3ACDED8F77C30EE1612E74A7C7E2F9E10; expires=Tue, 04 Feb 2025 19:54:33 GMT; Path=/; domain=onliner.by". Invalid 'expires' attribute: Tue, 04 Feb 2025 19:54:33 GMT
2025-02-04 21:55:33 WARN  ResponseProcessCookies:130 - Invalid cookie header: "Set-Cookie: ADC_REQ_2E94AF76E7=2C03B7ACB28EF2CCB0369C8B531A57B6285DED12C51F63E58184B2021C3AB0C27A576B6E028904D4; expires=Tue, 04 Feb 2025 19:55:33 GMT; Path=/; domain=onliner.by". Invalid 'expires' attribute: Tue, 04 Feb 2025 19:55:33 GMT
2025-02-04 21:56:33 WARN  ResponseProcessCookies:130 - Invalid cookie header: "Set-Cookie: ADC_REQ_2E94AF76E7=0AA666872C95F3CCF4A55EE991F4B05C604142643B6C1265067C7E155A9B36DC970E64FDCF8E9DAD; expires=Tue, 04 Feb 2025 19:56:33 GMT; Path=/; domain=onliner.by". Invalid 'expires' attribute: Tue, 04 Feb 2025 19:56:33 GMT
2025-02-04 21:57:33 WARN  ResponseProcessCookies:130 - Invalid cookie header: "Set-Cookie: ADC_REQ_2E94AF76E7=D64B3F4117E3F0CC71533B3E22596401A812656831A060D9FD2DC2F9A54568BE93019B33F489FB36; expires=Tue, 04 Feb 2025 19:57:33 GMT; Path=/; domain=onliner.by". Invalid 'expires' attribute: Tue, 04 Feb 2025 19:57:33 GMT
2025-02-04 21:58:33 WARN  ResponseProcessCookies:130 - Invalid cookie header: "Set-Cookie: ADC_REQ_2E94AF76E7=7D7CAD5AA1C9F1CC0DE7705E1384CEAEEAE30D90E0DB90D728AB821CD27B740AB9B8504EE1BAF2E0; expires=Tue, 04 Feb 2025 19:58:33 GMT; Path=/; domain=onliner.by". Invalid 'expires' attribute: Tue, 04 Feb 2025 19:58:33 GMT
2025-02-04 21:59:34 WARN  ResponseProcessCookies:130 - Invalid cookie header: "Set-Cookie: ADC_REQ_2E94AF76E7=5C14AD67F1F7CD62EEF28DF036D68F1770674F4DBD4777D7A83F68B6AF99803C54E34EC62E2EFE58; expires=Tue, 04 Feb 2025 19:59:34 GMT; Path=/; domain=onliner.by". Invalid 'expires' attribute: Tue, 04 Feb 2025 19:59:34 GMT
2025-02-04 22:00:33 WARN  ResponseProcessCookies:130 - Invalid cookie header: "Set-Cookie: ADC_REQ_2E94AF76E7=B115BA329B80CA6220653C2686EECB87630FF7980F98E3F56F9F500906EFCBAB4F27C889A9525B3A; expires=Tue, 04 Feb 2025 20:00:33 GMT; Path=/; domain=onliner.by". Invalid 'expires' attribute: Tue, 04 Feb 2025 20:00:33 GMT
2025-02-04 22:01:33 WARN  ResponseProcessCookies:130 - Invalid cookie header: "Set-Cookie: ADC_REQ_2E94AF76E7=5B5981957D9BCB62847CE07091F56DFB916A3CCE0189ED4EA3EDDBDDCF73E6FED59D553054A60AD0; expires=Tue, 04 Feb 2025 20:01:33 GMT; Path=/; domain=onliner.by". Invalid 'expires' attribute: Tue, 04 Feb 2025 20:01:33 GMT
2025-02-04 22:02:34 WARN  ResponseProcessCookies:130 - Invalid cookie header: "Set-Cookie: ADC_REQ_2E94AF76E7=7D6D4744EFB6C862FB1DFE0AB8366A34B9996D7F72BE064DBF49EF103381D7F4C4ECDC185F30605D; expires=Tue, 04 Feb 2025 20:02:33 GMT; Path=/; domain=onliner.by". Invalid 'expires' attribute: Tue, 04 Feb 2025 20:02:33 GMT
2025-02-04 22:03:33 WARN  ResponseProcessCookies:130 - Invalid cookie header: "Set-Cookie: ADC_REQ_2E94AF76E7=94B6BFA6B74FC96294C9E65A2297C208FCA14AFF0CBE20659D77FD2F12202F1A437411D6F2E44D91; expires=Tue, 04 Feb 2025 20:03:33 GMT; Path=/; domain=onliner.by". Invalid 'expires' attribute: Tue, 04 Feb 2025 20:03:33 GMT
2025-02-04 22:04:33 WARN  ResponseProcessCookies:130 - Invalid cookie header: "Set-Cookie: ADC_REQ_2E94AF76E7=800E2FEBD85A366242C50E203C35771A19F70B85AD09E8A6C91B4F842193A87F6BEABC3F9A70EEF7; expires=Tue, 04 Feb 2025 20:04:33 GMT; Path=/; domain=onliner.by". Invalid 'expires' attribute: Tue, 04 Feb 2025 20:04:33 GMT
2025-02-04 22:05:33 WARN  ResponseProcessCookies:130 - Invalid cookie header: "Set-Cookie: ADC_REQ_2E94AF76E7=27062FA3827437622F41969E836BA411398FF9BA78CD014E84FCAB4E9A6BA0F8C3447CB697DB6A3E; expires=Tue, 04 Feb 2025 20:05:33 GMT; Path=/; domain=onliner.by". Invalid 'expires' attribute: Tue, 04 Feb 2025 20:05:33 GMT
2025-02-04 22:06:33 WARN  ResponseProcessCookies:130 - Invalid cookie header: "Set-Cookie: ADC_REQ_2E94AF76E7=19E8A77A440F3462F1E6D0334DED7076058E43A5229EAB6037E0CB1193C03D664165C2D7AA2CDA4E; expires=Tue, 04 Feb 2025 20:06:33 GMT; Path=/; domain=onliner.by". Invalid 'expires' attribute: Tue, 04 Feb 2025 20:06:33 GMT
2025-02-04 22:07:33 WARN  ResponseProcessCookies:130 - Invalid cookie header: "Set-Cookie: ADC_REQ_2E94AF76E7=E178EE05ED1935628ED09F82E4B33B35498A617033439034BE42C56E308F53D20194820BB21DED19; expires=Tue, 04 Feb 2025 20:07:33 GMT; Path=/; domain=onliner.by". Invalid 'expires' attribute: Tue, 04 Feb 2025 20:07:33 GMT
2025-02-04 22:08:33 WARN  ResponseProcessCookies:130 - Invalid cookie header: "Set-Cookie: ADC_REQ_2E94AF76E7=9AB2534DA5333262E8D92799285D61C3EC8A87E303C4C27E5DBDE1D888098CF129983868945214B4; expires=Tue, 04 Feb 2025 20:08:33 GMT; Path=/; domain=onliner.by". Invalid 'expires' attribute: Tue, 04 Feb 2025 20:08:33 GMT
2025-02-04 22:09:33 WARN  ResponseProcessCookies:130 - Invalid cookie header: "Set-Cookie: ADC_REQ_2E94AF76E7=8906BB0697FF0FCC2A7988008C9B7C0100269A9F941104942014C2C1436E3362B72BE907D78DD944; expires=Tue, 04 Feb 2025 20:09:33 GMT; Path=/; domain=onliner.by". Invalid 'expires' attribute: Tue, 04 Feb 2025 20:09:33 GMT
2025-02-04 22:10:33 WARN  ResponseProcessCookies:130 - Invalid cookie header: "Set-Cookie: ADC_REQ_2E94AF76E7=CC93C4A2B5D8336276F3BCD21A851A84CABF01B4780721E5B87BC695965CEC58D99D9A285D315E66; expires=Tue, 04 Feb 2025 20:10:33 GMT; Path=/; domain=onliner.by". Invalid 'expires' attribute: Tue, 04 Feb 2025 20:10:33 GMT
2025-02-04 22:11:33 WARN  ResponseProcessCookies:130 - Invalid cookie header: "Set-Cookie: ADC_REQ_2E94AF76E7=C1FC1E7DA7D00DCC5A0954684B529946071777D62CD4EF62419FA20DF56B75235532EEE00A702093; expires=Tue, 04 Feb 2025 20:11:33 GMT; Path=/; domain=onliner.by". Invalid 'expires' attribute: Tue, 04 Feb 2025 20:11:33 GMT
2025-02-04 22:12:34 WARN  ResponseProcessCookies:130 - Invalid cookie header: "Set-Cookie: ADC_REQ_2E94AF76E7=EF421EE0A33F0DCC788707329FB0DE19E98C0D00A8B0B10AFE678D1E25E9C92E1D3E17A5F6ABC21B; expires=Tue, 04 Feb 2025 20:12:33 GMT; Path=/; domain=onliner.by". Invalid 'expires' attribute: Tue, 04 Feb 2025 20:12:33 GMT
2025-02-04 22:13:33 WARN  ResponseProcessCookies:130 - Invalid cookie header: "Set-Cookie: ADC_REQ_2E94AF76E7=0CC4DD5E70983E627A7AF3C373DA138851D93C080147B218AF87D1A616CD68A6BBF5BD957AE835F8; expires=Tue, 04 Feb 2025 20:13:33 GMT; Path=/; domain=onliner.by". Invalid 'expires' attribute: Tue, 04 Feb 2025 20:13:33 GMT
2025-02-04 22:14:33 WARN  ResponseProcessCookies:130 - Invalid cookie header: "Set-Cookie: ADC_REQ_2E94AF76E7=58D0AA60851303CC058EEA8C279DCC3C3F04601B4887A694539D88638A759480456587E526742714; expires=Tue, 04 Feb 2025 20:14:33 GMT; Path=/; domain=onliner.by". Invalid 'expires' attribute: Tue, 04 Feb 2025 20:14:33 GMT
2025-02-04 22:15:33 WARN  ResponseProcessCookies:130 - Invalid cookie header: "Set-Cookie: ADC_REQ_2E94AF76E7=90D79B65487E00CC1A9BD416AC96A66C804B0DC51D9CE42DF1F78A48BD7A3C4D9806ECDB73FE63BF; expires=Tue, 04 Feb 2025 20:15:33 GMT; Path=/; domain=onliner.by". Invalid 'expires' attribute: Tue, 04 Feb 2025 20:15:33 GMT
2025-02-04 22:16:33 WARN  ResponseProcessCookies:130 - Invalid cookie header: "Set-Cookie: ADC_REQ_2E94AF76E7=0679F6DE514501CC6C40A1CE6E46253F10FF60AAB3A514F8CA34E10D078CA5E1789363980A086EC2; expires=Tue, 04 Feb 2025 20:16:33 GMT; Path=/; domain=onliner.by". Invalid 'expires' attribute: Tue, 04 Feb 2025 20:16:33 GMT
2025-02-04 22:17:33 WARN  ResponseProcessCookies:130 - Invalid cookie header: "Set-Cookie: ADC_REQ_2E94AF76E7=9BBE51904B5306CCCD3FDB0674AC808E54B6B2717E8A4509262C96FAA0F85114B5E9A525E5EA13DA; expires=Tue, 04 Feb 2025 20:17:33 GMT; Path=/; domain=onliner.by". Invalid 'expires' attribute: Tue, 04 Feb 2025 20:17:33 GMT
2025-02-04 22:18:33 WARN  ResponseProcessCookies:130 - Invalid cookie header: "Set-Cookie: ADC_REQ_2E94AF76E7=F3909BBE770C3B62BD57F5EECBC6A5F2B91485CC845E5D16F0E9831AD7F7DE930D7BF783B0BF8DDD; expires=Tue, 04 Feb 2025 20:18:33 GMT; Path=/; domain=onliner.by". Invalid 'expires' attribute: Tue, 04 Feb 2025 20:18:33 GMT
2025-02-04 22:19:34 WARN  ResponseProcessCookies:130 - Invalid cookie header: "Set-Cookie: ADC_REQ_2E94AF76E7=E0A058C5D4273862E4B095DE2CCE8D291527D4E44077E3BB53E4581F6188C4D1E620EB83867DDC13; expires=Tue, 04 Feb 2025 20:19:34 GMT; Path=/; domain=onliner.by". Invalid 'expires' attribute: Tue, 04 Feb 2025 20:19:34 GMT
2025-02-04 22:20:08 INFO  DefaultBotSession:270 - Read timed out
java.net.SocketTimeoutException: Read timed out
	at java.base/sun.nio.ch.NioSocketImpl.timedRead(NioSocketImpl.java:278)
	at java.base/sun.nio.ch.NioSocketImpl.implRead(NioSocketImpl.java:304)
	at java.base/sun.nio.ch.NioSocketImpl.read(NioSocketImpl.java:345)
	at java.base/sun.nio.ch.NioSocketImpl$1.read(NioSocketImpl.java:794)
	at java.base/java.net.Socket$SocketInputStream.read(Socket.java:1025)
	at java.base/sun.security.ssl.SSLSocketInputRecord.read(SSLSocketInputRecord.java:483)
	at java.base/sun.security.ssl.SSLSocketInputRecord.readHeader(SSLSocketInputRecord.java:477)
	at java.base/sun.security.ssl.SSLSocketInputRecord.bytesInCompletePacket(SSLSocketInputRecord.java:70)
	at java.base/sun.security.ssl.SSLSocketImpl.readApplicationRecord(SSLSocketImpl.java:1461)
	at java.base/sun.security.ssl.SSLSocketImpl$AppInputStream.read(SSLSocketImpl.java:1066)
	at org.apache.http.impl.io.SessionInputBufferImpl.streamRead(SessionInputBufferImpl.java:137)
	at org.apache.http.impl.io.SessionInputBufferImpl.fillBuffer(SessionInputBufferImpl.java:153)
	at org.apache.http.impl.io.SessionInputBufferImpl.readLine(SessionInputBufferImpl.java:280)
	at org.apache.http.impl.conn.DefaultHttpResponseParser.parseHead(DefaultHttpResponseParser.java:138)
	at org.apache.http.impl.conn.DefaultHttpResponseParser.parseHead(DefaultHttpResponseParser.java:56)
	at org.apache.http.impl.io.AbstractMessageParser.parse(AbstractMessageParser.java:259)
	at org.apache.http.impl.DefaultBHttpClientConnection.receiveResponseHeader(DefaultBHttpClientConnection.java:163)
	at org.apache.http.impl.conn.CPoolProxy.receiveResponseHeader(CPoolProxy.java:157)
	at org.apache.http.protocol.HttpRequestExecutor.doReceiveResponse(HttpRequestExecutor.java:273)
	at org.apache.http.protocol.HttpRequestExecutor.execute(HttpRequestExecutor.java:125)
	at org.apache.http.impl.execchain.MainClientExec.execute(MainClientExec.java:272)
	at org.apache.http.impl.execchain.ProtocolExec.execute(ProtocolExec.java:186)
	at org.apache.http.impl.execchain.RetryExec.execute(RetryExec.java:89)
	at org.apache.http.impl.execchain.RedirectExec.execute(RedirectExec.java:110)
	at org.apache.http.impl.client.InternalHttpClient.doExecute(InternalHttpClient.java:185)
	at org.apache.http.impl.client.CloseableHttpClient.execute(CloseableHttpClient.java:83)
	at org.telegram.telegrambots.updatesreceivers.DefaultBotSession$ReaderThread.getUpdatesFromServer(DefaultBotSession.java:250)
	at org.telegram.telegrambots.updatesreceivers.DefaultBotSession$ReaderThread.run(DefaultBotSession.java:189)
2025-02-04 22:20:34 WARN  ResponseProcessCookies:130 - Invalid cookie header: "Set-Cookie: ADC_REQ_2E94AF76E7=AE2246B2023339620E6AC9C836D6320FF266FC1771285C111E47E681D58A01C2EE79CE8041090586; expires=Tue, 04 Feb 2025 20:20:34 GMT; Path=/; domain=onliner.by". Invalid 'expires' attribute: Tue, 04 Feb 2025 20:20:34 GMT
2025-02-04 22:21:34 WARN  ResponseProcessCookies:130 - Invalid cookie header: "Set-Cookie: ADC_REQ_2E94AF76E7=A19802E61CF91ACC0FF74861537E48D5F47C0A03445D767845543C9DC9DFB49BE7361DFB6B1058D4; expires=Tue, 04 Feb 2025 20:21:34 GMT; Path=/; domain=onliner.by". Invalid 'expires' attribute: Tue, 04 Feb 2025 20:21:34 GMT
2025-02-04 22:22:33 WARN  ResponseProcessCookies:130 - Invalid cookie header: "Set-Cookie: ADC_REQ_2E94AF76E7=EEE509565DC71BCC04FA9C59007CF5899564B0575A938E68BB6F7B948A3441357FB0B6F64E70AF15; expires=Tue, 04 Feb 2025 20:22:33 GMT; Path=/; domain=onliner.by". Invalid 'expires' attribute: Tue, 04 Feb 2025 20:22:33 GMT
